[themes.potenzaglobalsolutions.com/html/fitness/index.html]
[backblue.gif]
[fade.gif]
[index.html]
[themes.potenzaglobalsolutions.com/html/fitness/images/favicon.ico]
[themes.potenzaglobalsolutions.com/html/fitness/css/font-awesome/all.min.css]
[themes.potenzaglobalsolutions.com/html/fitness/css/flaticon/flaticon.css]
[themes.potenzaglobalsolutions.com/html/fitness/css/bootstrap/bootstrap.min.css]
[themes.potenzaglobalsolutions.com/html/fitness/css/owl-carousel/owl.carousel.min.css]
[themes.potenzaglobalsolutions.com/html/fitness/css/swiper/swiper.min.css]
[themes.potenzaglobalsolutions.com/html/fitness/css/animate/animate.min.css]
[themes.potenzaglobalsolutions.com/html/fitness/css/style.css]
[themes.potenzaglobalsolutions.com/html/fitness/index-yoga.html]
[themes.potenzaglobalsolutions.com/html/fitness/index-shop.html]
[themes.potenzaglobalsolutions.com/html/fitness/index-2.html]
[themes.potenzaglobalsolutions.com/html/fitness/bmi-calculator.html]
[themes.potenzaglobalsolutions.com/html/fitness/about-us.html]
[themes.potenzaglobalsolutions.com/html/fitness/our-trainers.html]
[themes.potenzaglobalsolutions.com/html/fitness/trainers-single.html]
[themes.potenzaglobalsolutions.com/html/fitness/services.html]
[themes.potenzaglobalsolutions.com/html/fitness/contact-us.html]
[themes.potenzaglobalsolutions.com/html/fitness/login.html]
[themes.potenzaglobalsolutions.com/html/fitness/faqs.html]
[themes.potenzaglobalsolutions.com/html/fitness/pricing-plans.html]
[themes.potenzaglobalsolutions.com/html/fitness/coming-soon.html]
[themes.potenzaglobalsolutions.com/html/fitness/privacy-policy.html]
[themes.potenzaglobalsolutions.com/html/fitness/error.html]
[themes.potenzaglobalsolutions.com/html/fitness/terms-and-conditions.html]
[themes.potenzaglobalsolutions.com/html/fitness/classes.html]
[themes.potenzaglobalsolutions.com/html/fitness/classes-single.html]
[themes.potenzaglobalsolutions.com/html/fitness/classes-timetable.html]
[themes.potenzaglobalsolutions.com/html/fitness/gallery-2-columns.html]
[themes.potenzaglobalsolutions.com/html/fitness/gallery-3-columns.html]
[themes.potenzaglobalsolutions.com/html/fitness/gallery-4-columns.html]
[themes.potenzaglobalsolutions.com/html/fitness/gallery-5-columns.html]
[themes.potenzaglobalsolutions.com/html/fitness/gallery-6-columns.html]
[themes.potenzaglobalsolutions.com/html/fitness/gallery-single.html]
[themes.potenzaglobalsolutions.com/html/fitness/blog.html]
[themes.potenzaglobalsolutions.com/html/fitness/blog-list.html]
[themes.potenzaglobalsolutions.com/html/fitness/shop.html]
[themes.potenzaglobalsolutions.com/html/fitness/shop-single.html]
[themes.potenzaglobalsolutions.com/html/fitness/shop-cart.html]
[themes.potenzaglobalsolutions.com/html/fitness/blog-single.html]
[themes.potenzaglobalsolutions.com/html/fitness/shop-checkout.html]
[themes.potenzaglobalsolutions.com/html/fitness/images/slider/01.jpg]
[themes.potenzaglobalsolutions.com/html/fitness/images/about/01.jpg]
[themes.potenzaglobalsolutions.com/html/fitness/images/about/02.jpg]
[themes.potenzaglobalsolutions.com/html/fitness/images/about/03.jpg]
[themes.potenzaglobalsolutions.com/html/fitness/images/about/04.jpg]
[themes.potenzaglobalsolutions.com/html/fitness/images/shop/sub-banner-01.jpg]
[themes.potenzaglobalsolutions.com/html/fitness/images/shop/sub-banner-02.jpg]
[themes.potenzaglobalsolutions.com/html/fitness/images/shop/sub-banner-03.jpg]
[themes.potenzaglobalsolutions.com/html/fitness/images/about/11.png]
[themes.potenzaglobalsolutions.com/html/fitness/images/bg/05.jpg]
[themes.potenzaglobalsolutions.com/html/fitness/images/avatar/01.jpg]
[themes.potenzaglobalsolutions.com/html/fitness/images/avatar/02.jpg]
[themes.potenzaglobalsolutions.com/html/fitness/images/avatar/03.jpg]
[themes.potenzaglobalsolutions.com/html/fitness/images/avatar/04.jpg]
[themes.potenzaglobalsolutions.com/html/fitness/images/avatar/05.jpg]
[themes.potenzaglobalsolutions.com/html/fitness/images/avatar/06.jpg]
[themes.potenzaglobalsolutions.com/html/fitness/images/avatar/07.jpg]
[themes.potenzaglobalsolutions.com/html/fitness/images/trainers/01.jpg]
[themes.potenzaglobalsolutions.com/html/fitness/images/trainers/02.jpg]
[themes.potenzaglobalsolutions.com/html/fitness/images/trainers/03.jpg]
[themes.potenzaglobalsolutions.com/html/fitness/images/trainers/04.jpg]
[themes.potenzaglobalsolutions.com/html/fitness/images/trainers/05.jpg]
[themes.potenzaglobalsolutions.com/html/fitness/images/feature-info/02.jpg]
[themes.potenzaglobalsolutions.com/html/fitness/images/feature-info/01.jpg]
[themes.potenzaglobalsolutions.com/html/fitness/images/feature-info/03.jpg]
[themes.potenzaglobalsolutions.com/html/fitness/images/blog/01.jpg]
[themes.potenzaglobalsolutions.com/html/fitness/images/blog/02.jpg]
[themes.potenzaglobalsolutions.com/html/fitness/images/blog/03.jpg]
[themes.potenzaglobalsolutions.com/html/fitness/images/avatar/08.jpg]
[themes.potenzaglobalsolutions.com/html/fitness/images/avatar/09.jpg]
[themes.potenzaglobalsolutions.com/html/fitness/images/avatar/10.jpg]
[themes.potenzaglobalsolutions.com/html/fitness/images/avatar/11.jpg]
[themes.potenzaglobalsolutions.com/html/fitness/images/avatar/12.jpg]
[themes.potenzaglobalsolutions.com/html/fitness/js/popper/popper.min.js]
[themes.potenzaglobalsolutions.com/html/fitness/js/jquery-3.5.1.min.js]
[themes.potenzaglobalsolutions.com/html/fitness/js/bootstrap/bootstrap.min.js]
[themes.potenzaglobalsolutions.com/html/fitness/js/owl-carousel/owl.carousel.min.js]
[themes.potenzaglobalsolutions.com/html/fitness/js/jarallax/jarallax.min.js]
[themes.potenzaglobalsolutions.com/html/fitness/js/swiper/swiper.min.js]
[themes.potenzaglobalsolutions.com/html/fitness/js/swiperanimation/SwiperAnimation.min.js]
[themes.potenzaglobalsolutions.com/html/fitness/index.html]
[themes.potenzaglobalsolutions.com/html/fitness/js/custom.js]
[themes.potenzaglobalsolutions.com/html/fitness/fonts/fa-brands-400.eot]
[themes.potenzaglobalsolutions.com/html/fitness/fonts/fa-brands-400d41d.eot]
[themes.potenzaglobalsolutions.com/html/fitness/fonts/fa-brands-400.woff2]
[themes.potenzaglobalsolutions.com/html/fitness/fonts/fa-brands-400.woff]
[themes.potenzaglobalsolutions.com/html/fitness/fonts/fa-brands-400.ttf]
[themes.potenzaglobalsolutions.com/html/fitness/fonts/fa-regular-400.eot]
[themes.potenzaglobalsolutions.com/html/fitness/fonts/fa-regular-400d41d.eot]
[themes.potenzaglobalsolutions.com/html/fitness/fonts/fa-regular-400.woff2]
[themes.potenzaglobalsolutions.com/html/fitness/fonts/fa-regular-400.woff]
[themes.potenzaglobalsolutions.com/html/fitness/fonts/fa-regular-400.ttf]
[themes.potenzaglobalsolutions.com/html/fitness/fonts/fa-solid-900.eot]
[themes.potenzaglobalsolutions.com/html/fitness/fonts/fa-solid-900d41d.eot]
[themes.potenzaglobalsolutions.com/html/fitness/fonts/fa-solid-900.woff2]
[themes.potenzaglobalsolutions.com/html/fitness/fonts/fa-solid-900.woff]
[themes.potenzaglobalsolutions.com/html/fitness/fonts/fa-solid-900.ttf]
[themes.potenzaglobalsolutions.com/html/fitness/css/font-awesome/all.min.css]
[themes.potenzaglobalsolutions.com/html/fitness/fonts/Flaticon.eot]
[themes.potenzaglobalsolutions.com/html/fitness/fonts/Flaticond41d.eot]
[themes.potenzaglobalsolutions.com/html/fitness/fonts/Flaticon.woff2]
[themes.potenzaglobalsolutions.com/html/fitness/fonts/Flaticon.woff]
[themes.potenzaglobalsolutions.com/html/fitness/fonts/Flaticon.ttf]
[themes.potenzaglobalsolutions.com/html/fitness/css/flaticon/flaticon.css]
[themes.potenzaglobalsolutions.com/html/fitness/css/bootstrap/bootstrap.min.css]
[themes.potenzaglobalsolutions.com/html/fitness/css/owl-carousel/owl.carousel.min.css]
[themes.potenzaglobalsolutions.com/html/fitness/css/swiper/swiper.min.css]
[themes.potenzaglobalsolutions.com/html/fitness/css/animate/animate.min.css]
[themes.potenzaglobalsolutions.com/html/fitness/css/style.css]
[themes.potenzaglobalsolutions.com/html/fitness/images/logo.svg]
[themes.potenzaglobalsolutions.com/html/fitness/css/select2/select2.css]
[themes.potenzaglobalsolutions.com/html/fitness/css/magnific-popup/magnific-popup.css]
[themes.potenzaglobalsolutions.com/html/fitness/images/slider/11.jpg]
[themes.potenzaglobalsolutions.com/html/fitness/images/slider/10.jpg]
[themes.potenzaglobalsolutions.com/html/fitness/images/about/13.jpg]
[themes.potenzaglobalsolutions.com/html/fitness/images/about/14.jpg]
[themes.potenzaglobalsolutions.com/html/fitness/images/sign-01.png]
[themes.potenzaglobalsolutions.com/html/fitness/images/bg/13.jpg]
[themes.potenzaglobalsolutions.com/html/fitness/images/bg/10.jpg]
[themes.potenzaglobalsolutions.com/html/fitness/images/blog/11.jpg]
[themes.potenzaglobalsolutions.com/html/fitness/images/blog/14.jpg]
[themes.potenzaglobalsolutions.com/html/fitness/images/blog/12.jpg]
[themes.potenzaglobalsolutions.com/html/fitness/js/jquery.appear.js]
[themes.potenzaglobalsolutions.com/html/fitness/js/counter/jquery.countTo.js]
[themes.potenzaglobalsolutions.com/html/fitness/js/select2/select2.full.js]
[themes.potenzaglobalsolutions.com/html/fitness/index-yoga.html]
[themes.potenzaglobalsolutions.com/html/fitness/js/magnific-popup/jquery.magnific-popup.min.js]
[themes.potenzaglobalsolutions.com/html/fitness/images/slider/13.jpg]
[themes.potenzaglobalsolutions.com/html/fitness/images/shop/sub-banner-04.jpg]
[themes.potenzaglobalsolutions.com/html/fitness/images/shop/sub-banner-05.jpg]
[themes.potenzaglobalsolutions.com/html/fitness/images/shop/product/01.jpg]
[themes.potenzaglobalsolutions.com/html/fitness/images/shop/product/02.jpg]
[themes.potenzaglobalsolutions.com/html/fitness/images/shop/product/03.jpg]
[themes.potenzaglobalsolutions.com/html/fitness/images/shop/product/04.jpg]
[themes.potenzaglobalsolutions.com/html/fitness/images/shop/product/05.jpg]
[themes.potenzaglobalsolutions.com/html/fitness/images/shop/product/06.jpg]
[themes.potenzaglobalsolutions.com/html/fitness/images/shop/product/09.jpg]
[themes.potenzaglobalsolutions.com/html/fitness/images/shop/product/08.jpg]
[themes.potenzaglobalsolutions.com/html/fitness/images/slider/14.jpg]
[themes.potenzaglobalsolutions.com/html/fitness/images/sign-02.png]
[themes.potenzaglobalsolutions.com/html/fitness/images/clients/01.png]
[themes.potenzaglobalsolutions.com/html/fitness/images/clients/02.png]
[themes.potenzaglobalsolutions.com/html/fitness/images/clients/03.png]
[themes.potenzaglobalsolutions.com/html/fitness/images/clients/04.png]
[themes.potenzaglobalsolutions.com/html/fitness/images/clients/05.png]
[themes.potenzaglobalsolutions.com/html/fitness/images/clients/06.png]
[themes.potenzaglobalsolutions.com/html/fitness/index-shop.html]
[themes.potenzaglobalsolutions.com/html/fitness/images/slider/02.jpg]
[themes.potenzaglobalsolutions.com/html/fitness/images/slider/04.jpg]
[themes.potenzaglobalsolutions.com/html/fitness/images/feature-info/10.jpg]
[themes.potenzaglobalsolutions.com/html/fitness/images/feature-info/11.jpg]
[themes.potenzaglobalsolutions.com/html/fitness/images/feature-info/12.jpg]
[themes.potenzaglobalsolutions.com/html/fitness/images/about/15.jpg]
[themes.potenzaglobalsolutions.com/html/fitness/images/bg/14.jpg]
[themes.potenzaglobalsolutions.com/html/fitness/images/bg/15.jpg]
[themes.potenzaglobalsolutions.com/html/fitness/images/bg/16.jpg]
[themes.potenzaglobalsolutions.com/html/fitness/index-2.html]
[themes.potenzaglobalsolutions.com/html/fitness/properties.html]
[themes.potenzaglobalsolutions.com/html/fitness/images/bg/06.jpg]
[themes.potenzaglobalsolutions.com/html/fitness/images/bg/01.jpg]
[themes.potenzaglobalsolutions.com/html/fitness/bmi-calculator.html]
[themes.potenzaglobalsolutions.com/html/fitness/images/about/08.jpg]
[themes.potenzaglobalsolutions.com/html/fitness/images/about/12.jpg]
[themes.potenzaglobalsolutions.com/html/fitness/about-us.html]
[themes.potenzaglobalsolutions.com/html/fitness/our-trainers.html]
[themes.potenzaglobalsolutions.com/html/fitness/images/about/09.jpg]
[themes.potenzaglobalsolutions.com/html/fitness/trainers-single.html]
[themes.potenzaglobalsolutions.com/html/fitness/images/feature-info/07.jpg]
[themes.potenzaglobalsolutions.com/html/fitness/images/feature-info/09.jpg]
[themes.potenzaglobalsolutions.com/html/fitness/images/feature-info/08.jpg]
[themes.potenzaglobalsolutions.com/html/fitness/images/feature-info/04.jpg]
[themes.potenzaglobalsolutions.com/html/fitness/images/feature-info/05.jpg]
[themes.potenzaglobalsolutions.com/html/fitness/images/feature-info/06.jpg]
[themes.potenzaglobalsolutions.com/html/fitness/images/bg/02.jpg]
[themes.potenzaglobalsolutions.com/html/fitness/services.html]
[themes.potenzaglobalsolutions.com/html/fitness/contact-us.html]
[themes.potenzaglobalsolutions.com/html/fitness/login.html]
[themes.potenzaglobalsolutions.com/html/fitness/faqs.html]
[themes.potenzaglobalsolutions.com/html/fitness/images/about/07.png]
[themes.potenzaglobalsolutions.com/html/fitness/pricing-plans.html]
[themes.potenzaglobalsolutions.com/html/fitness/images/bg/09.jpg]
[themes.potenzaglobalsolutions.com/html/fitness/js/countdown/jquery.downCount.js]
[themes.potenzaglobalsolutions.com/html/fitness/coming-soon.html]
[themes.potenzaglobalsolutions.com/html/fitness/error.html]
[themes.potenzaglobalsolutions.com/html/fitness/privacy-policy.html]
[themes.potenzaglobalsolutions.com/html/fitness/terms-and-conditions.html]
[themes.potenzaglobalsolutions.com/html/fitness/images/classes/01.jpg]
[themes.potenzaglobalsolutions.com/html/fitness/images/classes/02.jpg]
[themes.potenzaglobalsolutions.com/html/fitness/images/classes/03.jpg]
[themes.potenzaglobalsolutions.com/html/fitness/images/classes/04.jpg]
[themes.potenzaglobalsolutions.com/html/fitness/images/classes/05.jpg]
[themes.potenzaglobalsolutions.com/html/fitness/images/classes/06.jpg]
[themes.potenzaglobalsolutions.com/html/fitness/classes.html]
[themes.potenzaglobalsolutions.com/html/fitness/images/icon/01.png]
[themes.potenzaglobalsolutions.com/html/fitness/images/icon/02.png]
[themes.potenzaglobalsolutions.com/html/fitness/images/icon/03.png]
[themes.potenzaglobalsolutions.com/html/fitness/images/icon/04.png]
[themes.potenzaglobalsolutions.com/html/fitness/images/icon/05.png]
[themes.potenzaglobalsolutions.com/html/fitness/images/icon/06.png]
[themes.potenzaglobalsolutions.com/html/fitness/classes-single.html]
[themes.potenzaglobalsolutions.com/html/fitness/classes-timetable.html]
[themes.potenzaglobalsolutions.com/html/fitness/images/gallery/01.jpg]
[themes.potenzaglobalsolutions.com/html/fitness/images/gallery/02.jpg]
[themes.potenzaglobalsolutions.com/html/fitness/images/gallery/03.jpg]
[themes.potenzaglobalsolutions.com/html/fitness/images/gallery/04.jpg]
[themes.potenzaglobalsolutions.com/html/fitness/images/gallery/05.jpg]
[themes.potenzaglobalsolutions.com/html/fitness/images/gallery/06.jpg]
[themes.potenzaglobalsolutions.com/html/fitness/images/gallery/07.jpg]
[themes.potenzaglobalsolutions.com/html/fitness/images/gallery/08.jpg]
[themes.potenzaglobalsolutions.com/html/fitness/images/gallery/09.jpg]
[themes.potenzaglobalsolutions.com/html/fitness/images/gallery/10.jpg]
[themes.potenzaglobalsolutions.com/html/fitness/js/shuffle/shuffle.min.js]
[themes.potenzaglobalsolutions.com/html/fitness/gallery-2-columns.html]
[themes.potenzaglobalsolutions.com/html/fitness/gallery-3-columns.html]
[themes.potenzaglobalsolutions.com/html/fitness/images/gallery/12.jpg]
[themes.potenzaglobalsolutions.com/html/fitness/images/gallery/11.jpg]
[themes.potenzaglobalsolutions.com/html/fitness/gallery-4-columns.html]
[themes.potenzaglobalsolutions.com/html/fitness/gallery-5-columns.html]
[themes.potenzaglobalsolutions.com/html/fitness/gallery-6-columns.html]
[themes.potenzaglobalsolutions.com/html/fitness/images/gallery/single/01.jpg]
[themes.potenzaglobalsolutions.com/html/fitness/images/gallery/single/02.jpg]
[themes.potenzaglobalsolutions.com/html/fitness/images/gallery/single/03.jpg]
[themes.potenzaglobalsolutions.com/html/fitness/images/gallery/single/04.jpg]
[themes.potenzaglobalsolutions.com/html/fitness/images/gallery/single/05.jpg]
[themes.potenzaglobalsolutions.com/html/fitness/images/gallery/single/06.jpg]
[themes.potenzaglobalsolutions.com/html/fitness/gallery-single.html]
[themes.potenzaglobalsolutions.com/html/fitness/images/blog/04.jpg]
[themes.potenzaglobalsolutions.com/html/fitness/images/blog/05.jpg]
[themes.potenzaglobalsolutions.com/html/fitness/images/blog/06.jpg]
[themes.potenzaglobalsolutions.com/html/fitness/blog.html]
[themes.potenzaglobalsolutions.com/html/fitness/images/blog/07.jpg]
[themes.potenzaglobalsolutions.com/html/fitness/images/blog/10.jpg]
[themes.potenzaglobalsolutions.com/html/fitness/blog-list.html]
[themes.potenzaglobalsolutions.com/html/fitness/images/blog/08.jpg]
[themes.potenzaglobalsolutions.com/html/fitness/images/blog/09.jpg]
[themes.potenzaglobalsolutions.com/html/fitness/blog-single.html]
[themes.potenzaglobalsolutions.com/html/fitness/css/range-slider/ion.rangeSlider.min.css]
[themes.potenzaglobalsolutions.com/html/fitness/images/shop/product/07.jpg]
[themes.potenzaglobalsolutions.com/html/fitness/images/shop/siderbar-banner.jpg]
[themes.potenzaglobalsolutions.com/html/fitness/shop.html]
[themes.potenzaglobalsolutions.com/html/fitness/js/range-slider/ion.rangeSlider.min.js]
[themes.potenzaglobalsolutions.com/html/fitness/css/slick/slick-theme.css]
[themes.potenzaglobalsolutions.com/html/fitness/shop-single.html]
[themes.potenzaglobalsolutions.com/html/fitness/shop-cart.html]
[themes.potenzaglobalsolutions.com/html/fitness/shop-checkout.html]
[themes.potenzaglobalsolutions.com/html/fitness/js/slick/slick.min.js]
[themes.potenzaglobalsolutions.com/html/fitness/fonts/fa-brands-400.svg]
[themes.potenzaglobalsolutions.com/html/fitness/fonts/fa-regular-400.svg]
[themes.potenzaglobalsolutions.com/html/fitness/fonts/fa-solid-900.svg]
[themes.potenzaglobalsolutions.com/html/fitness/fonts/Flaticon.svg]
[themes.potenzaglobalsolutions.com/html/fitness/css/owl-carousel/owl.video.play.html]
[themes.potenzaglobalsolutions.com/html/fitness/css/select2/select2.css]
[themes.potenzaglobalsolutions.com/html/fitness/css/magnific-popup/magnific-popup.css]
[themes.potenzaglobalsolutions.com/html/fitness/images/logo-light.svg]
[themes.potenzaglobalsolutions.com/html/fitness/images/error-404.svg]
[themes.potenzaglobalsolutions.com/html/fitness/blog-detail.html]
[themes.potenzaglobalsolutions.com/html/fitness/css/range-slider/ion.rangeSlider.min.css]
[themes.potenzaglobalsolutions.com/html/fitness/css/slick/slick-theme.css]
[themes.potenzaglobalsolutions.com/html/fitness/css/slick/ajax-loader.html]
